 HyprDynamicMonitors [v. test-version]  Monitors  Profile                                                                                Reload Profile: success
╭───────────────────────────────────────────────────╮╭────────────────────────────────────────────────────────────────────────────────────────────────────────╮ 
│HyprDynamicMonitors Profile                        ││Profile Config Preview (template)                                                                       │ 
│                                                   ││file                                                                                                    │ 
│Profile: two                                       ││                                                                                                        │ 
│                                                   ││┃   1 # <<<<< TUI AUTO START                                                                            │ 
│Profile Details                                    ││┃   2 monitor=desc:BOE NE135A1M-NY1,2880x1920@120.00000,2020x1080,2.00,transform,0,vrr,1                │ 
│Config File: file                                  ││┃   3 monitor=desc:Dell Inc. DELL U2723QE 5YNK3H3,3840x2160@60.00000,0x0,1.25,transform,0,vrr,0         │ 
│Config Type: template                              ││┃   4 # <<<<< TUI AUTO END                                                                              │ 
│Required Monitors:                                 ││┃   5                                                                                                   │ 
│  • Desc: BOE NE135A1M-NY1                         ││┃                                                                                                       │ 
│  • Desc: Dell Inc. DELL U2723QE...                ││┃                                                                                                       │ 
│                                                   ││┃                                                                                                       │ 
│New settings will be appended when saved           ││┃                                                                                                       │ 
│                                                   ││┃                                                                                                       │ 
│                                                   ││┃                                                                                                       │ 
│                                                   ││┃                                                                                                       │ 
│                                                   ││┃                                                                                                       │ 
│                                                   ││┃                                                                                                       │ 
│                                                   ││┃                                                                                                       │ 
│                                                   ││┃                                                                                                       │ 
│                                                   │╰────────────────────────────────────────────────────────────────────────────────────────────────────────╯ 
│                                                   │╭────────────────────────────────────────────────────────────────────────────────────────────────────────╮ 
│                                                   ││Generated hypr config preview                                                                           │ 
│                                                   ││target.conf                                                                                             │ 
│                                                   ││                                                                                                        │ 
│                                                   ││Are you running the daemon?                                                                             │ 
│                                                   ││See: https://hyprdynamicmonitors.filipmikina.com/docs/quickstart/setup-approaches                       │ 
│                                                   ││                                                                                                        │ 
│                                                   ││Alternatively, run the generation once: `hyprdynamicmonitors run --run-once`                            │ 
│                                                   ││                                                                                                        │ 
│                                                   ││                                                                                                        │ 
│                                                   ││                                                                                                        │ 
│                                                   ││                                                                                                        │ 
│                                                   ││                                                                                                        │ 
│                                                   ││                                                                                                        │ 
│                                                   ││                                                                                                        │ 
│                                                   ││                                                                                                        │ 
│                                                   ││                                                                                                        │ 
│  n new profile • a apply monitors to existing     ││                                                                                                        │ 
│  profile • e edit manually • R render profile to  ││                                                                                                        │ 
│  config.general.destination                       ││                                                                                                        │ 
╰───────────────────────────────────────────────────╯╰────────────────────────────────────────────────────────────────────────────────────────────────────────╯ 
  tab switch view • C edit HyprDynamicMonitors config • E edit hypr generated config (ephemeral)                                                                
                                                                                                                                                                