 HyprDynamicMonitors [v. test-version]  Monitors  Profile                                                                                                       
╭───────────────────────────────────────────────────╮╭────────────────────────────────────────────────────────────────────────────────────────────────────────╮ 
│HyprDynamicMonitors Profile                        ││No profile config                                                                                       │ 
│                                                   ││                                                                                                        │ 
│No Matching Profile                                ││                                                                                                        │ 
│                                                   ││                                                                                                        │ 
│No configuration profile matches the current       ││                                                                                                        │ 
│monitor setup.                                     ││                                                                                                        │ 
│                                                   ││                                                                                                        │ 
│                                                   ││                                                                                                        │ 
│Press 'n' to create a new profile                  ││                                                                                                        │ 
│                                                   ││                                                                                                        │ 
│                                                   ││                                                                                                        │ 
│                                                   ││                                                                                                        │ 
│                                                   ││                                                                                                        │ 
│                                                   ││                                                                                                        │ 
│                                                   ││                                                                                                        │ 
│                                                   ││                                                                                                        │ 
│                                                   ││                                                                                                        │ 
│                                                   ││                                                                                                        │ 
│                                                   ││                                                                                                        │ 
│                                                   ││                                                                                                        │ 
│                                                   ││                                                                                                        │ 
│                                                   ││                                                                                                        │ 
│                                                   ││                                                                                                        │ 
│                                                   ││                                                                                                        │ 
│                                                   ││                                                                                                        │ 
│                                                   ││                                                                                                        │ 
│                                                   ││                                                                                                        │ 
│                                                   ││                                                                                                        │ 
│                                                   ││                                                                                                        │ 
│                                                   ││                                                                                                        │ 
│                                                   ││                                                                                                        │ 
│                                                   ││                                                                                                        │ 
│                                                   ││                                                                                                        │ 
│                                                   ││                                                                                                        │ 
│                                                   ││                                                                                                        │ 
│                                                   ││                                                                                                        │ 
│                                                   ││                                                                                                        │ 
│                                                   ││                                                                                                        │ 
│  n new profile • a apply monitors to existing     ││                                                                                                        │ 
│  profile • e edit manually                        ││                                                                                                        │ 
╰───────────────────────────────────────────────────╯╰────────────────────────────────────────────────────────────────────────────────────────────────────────╯ 
  tab switch view • C edit HyprDynamicMonitors config                                                                                                           
                                                                                                                                                                